// Jest Snapshot v1, https://goo.gl/fbAQLP

exports[`Layout matches wrapper snapshot: wrapper mount 1`] = `
.emotion-0 {
  padding: 10px;
  box-sizing: border-box;
}

<Layout>
  <Styled(div)>
    <div
      className="emotion-0"
    >
      example
    </div>
  </Styled(div)>
</Layout>
`;
