// Jest Snapshot v1, https://goo.gl/fbAQLP

exports[`GridCol matches snapshot: enzyme.mount 1`] = `
.emotion-0 {
  background: transparent;
  margin: 0 0 15px;
  text-indent: 0px;
  box-sizing: border-box;
}

@media only screen and (min-width:641px) {
  .emotion-0 {
    width: 100%;
    margin: 0 15px;
  }

  .emotion-0:first-child {
    margin-left: 0;
  }

  .emotion-0:last-child {
    margin-right: 0;
  }
}

<GridCol
  columnOneHalf={false}
  columnOneQuarter={false}
  columnOneThird={false}
  columnTwoThirds={false}
>
  <Styled(div)
    columnOneHalf={false}
    columnOneQuarter={false}
    columnOneThird={false}
    columnTwoThirds={false}
  >
    <div
      className="emotion-0"
    >
      example
    </div>
  </Styled(div)>
</GridCol>
`;
